###############################################################################
#
# IAR ELF Linker V9.60.4.438/W64 for ARM                  06/Apr/2025  15:36:37
# Copyright 2007-2025 IAR Systems AB.
#
#    Output file  =  E:\Embedded_Programming\Lesson_1\Debug\Exe\Project.out
#    Map file     =  E:\Embedded_Programming\Lesson_1\Debug\List\Project.map
#    Command line =
#        -f E:\Embedded_Programming\Lesson_1\Debug\Exe\Project.out.rsp
#        (E:\Embedded_Programming\Lesson_1\Debug\Obj\main.o --no_out_extension
#        -o E:\Embedded_Programming\Lesson_1\Debug\Exe\Project.out --redirect
#        _Printf=_PrintfFullNoMb --redirect _Scanf=_ScanfFullNoMb --map
#        E:\Embedded_Programming\Lesson_1\Debug\List\Project.map --config
#        C:\tools\iar\arm/config/linker/TexasInstruments/msp432p401r.icf
#        --semihosting --entry __iar_program_start --vfe --text_out locale
#        --cpu=Cortex-M4 --fpu=VFPv4_sp) --dependencies=n
#        E:\Embedded_Programming\Lesson_1\Debug\Exe\Project.out.iar_deps
#
###############################################################################

*******************************************************************************
*** RUNTIME MODEL ATTRIBUTES
***

CppFlavor       = *
__CPP_Runtime   = 1
__SystemLibrary = DLib
__dlib_version  = 6


*******************************************************************************
*** HEAP SELECTION
***

The basic heap was selected because --advanced_heap
was not specified and the application did not appear to
be primarily optimized for speed.


*******************************************************************************
*** PLACEMENT SUMMARY
***

"A0":  place at address 0x0 { ro section .intvec };
"P1":  place in [from 0x0 to 0x3'ffff] { ro };
define block CSTACK with size = 4K, alignment = 8 { };
define block PROC_STACK with size = 0, alignment = 8 { };
define block HEAP with size = 8K, alignment = 8 { };
"P3":  place in [from 0x0 to 0x0] |
                [from 0x2000'0000 to 0x2000'ffff] {
          rw, block CSTACK, block PROC_STACK, block HEAP };

No sections matched the following patterns:

  ro section application_specific_ro  in "P2|P4"
  rw                                  in "P3"
  rw section application_specific_rw  in "P2|P4"
  section .info                       in "P5"


  Section   Kind         Address  Alignment    Size  Object
  -------   ----         -------  ---------    ----  ------
"A0":                                          0x40
  .intvec   ro code          0x0          4    0x40  vector_table_M.o [4]
                          - 0x40               0x40

"P1":                                          0xb4
  .text     ro code         0x40          2    0x2a  main.o [1]
  .text     ro code         0x6a          2     0x2  vectortrap_M.o [4]
  .text     ro code         0x6c          4    0x22  fpinit_M.o [3]
  .text     ro code         0x90          4    0x1e  cmain.o [4]
  .text     ro code         0xae          2     0x4  low_level_init.o [2]
  .text     ro code         0xb2          2     0x4  exit.o [2]
  .text     ro code         0xb8          4     0xa  cexit.o [4]
  .text     ro code         0xc4          4    0x14  exit.o [5]
  .text     ro code         0xd8          4    0x1c  cstartup_M.o [4]
                          - 0xf4               0xb4

"P3":                                        0x1000
  CSTACK             0x2000'0000          8  0x1000  <Block>
    CSTACK  uninit   0x2000'0000             0x1000  <Block tail>
                   - 0x2000'1000             0x1000

Unused ranges:

         From           To      Size
         ----           --      ----
         0xf4     0x3'ffff  0x3'ff0c
  0x2000'1000  0x2000'ffff    0xf000



*******************************************************************************
*** MODULE SUMMARY
***

    Module            ro code  rw data
    ------            -------  -------
command line/config:
    ----------------------------------
    Total:

E:\Embedded_Programming\Lesson_1\Debug\Obj: [1]
    main.o                 42
    ----------------------------------
    Total:                 42

dl7M_tln.a: [2]
    exit.o                  4
    low_level_init.o        4
    ----------------------------------
    Total:                  8

m7M_tls.a: [3]
    fpinit_M.o             34
    ----------------------------------
    Total:                 34

rt7M_tl.a: [4]
    cexit.o                10
    cmain.o                30
    cstartup_M.o           28
    vector_table_M.o       64
    vectortrap_M.o          2
    ----------------------------------
    Total:                134

shb_l.a: [5]
    exit.o                 20
    ----------------------------------
    Total:                 20

    Gaps                    6
    Linker created               4'096
--------------------------------------
    Grand Total:          244    4'096


*******************************************************************************
*** ENTRY LIST
***

Entry                     Address  Size  Type      Object
-----                     -------  ----  ----      ------
?main                        0x91        Code  Gb  cmain.o [4]
BusFault_Handler             0x6b        Code  Wk  vectortrap_M.o [4]
CSTACK$$Base          0x2000'0000         --   Gb  - Linker created -
CSTACK$$Limit         0x2000'1000         --   Gb  - Linker created -
DebugMon_Handler             0x6b        Code  Wk  vectortrap_M.o [4]
HardFault_Handler            0x6b        Code  Wk  vectortrap_M.o [4]
MemManage_Handler            0x6b        Code  Wk  vectortrap_M.o [4]
NMI_Handler                  0x6b        Code  Wk  vectortrap_M.o [4]
PendSV_Handler               0x6b        Code  Wk  vectortrap_M.o [4]
Region$$Table$$Base           0x0         --   Gb  - Linker created -
Region$$Table$$Limit          0x0         --   Gb  - Linker created -
SVC_Handler                  0x6b        Code  Wk  vectortrap_M.o [4]
SysTick_Handler              0x6b        Code  Wk  vectortrap_M.o [4]
UsageFault_Handler           0x6b        Code  Wk  vectortrap_M.o [4]
__cmain                      0x91        Code  Gb  cmain.o [4]
__exit                       0xc5  0x14  Code  Gb  exit.o [5]
__iar_init_vfp               0x6d        Code  Gb  fpinit_M.o [3]
__iar_program_start          0xd9        Code  Gb  cstartup_M.o [4]
__low_level_init             0xaf   0x4  Code  Gb  low_level_init.o [2]
__vector_table                0x0        Data  Gb  vector_table_M.o [4]
_call_main                   0x9d        Code  Gb  cmain.o [4]
_exit                        0xb9        Code  Gb  cexit.o [4]
exit                         0xb3   0x4  Code  Gb  exit.o [2]
main                         0x41  0x2a  Code  Gb  main.o [1]


[1] = E:\Embedded_Programming\Lesson_1\Debug\Obj
[2] = dl7M_tln.a
[3] = m7M_tls.a
[4] = rt7M_tl.a
[5] = shb_l.a

    244 bytes of readonly  code memory
  4'096 bytes of readwrite data memory

Errors: none
Warnings: none
